// Vitest Snapshot v1

exports[`Program() > should print help output 1`] = `
"GIT/v1.0.0

Usage:
  $ git 

Commands:
  init    Initialize an empty git repository
  add     Add files to track
  commit  Creates a commit with a given message
  status  Show git tree status

For more info, run any command with the \`--help\` flag:
  $ git init --help
  $ git add --help
  $ git commit --help
  $ git status --help

Options:
  -h, --help     Display help output 
  -v, --version  Display version number "
`;

exports[`Program() > should print the program/command version 1`] = `"GIT/v1.0.0"`;

exports[`Program() > should run the command action 1`] = `
"Intialized an empty git repository
Created an initial commit"
`;

exports[`Program() > should run with variadic args 1`] = `"Tracking files:  [ 'index.html', 'app.js', 'styles.css' ]"`;
